// Jest Snapshot v1, https://goo.gl/fbAQLP

exports[`a should render 'a' 1`] = `"[Google](http://www.google.com)"`;

exports[`abbr should render 'abbr' 1`] = `"www"`;

exports[`abbr should render 'abbr' with no content 1`] = `""`;

exports[`abbr should render 'abbr' with title 1`] = `"www (World Wide Web)"`;

exports[`acronym should render 'acronym' 1`] = `"www"`;

exports[`acronym should render 'acronym' with no content 1`] = `""`;

exports[`acronym should render 'acronym' with title 1`] = `"www (World Wide Web)"`;

exports[`address Content should all be nested 1`] = `
"
_Click here to go to [Google](http://www.google.com)_
_Google will let you search the web._"
`;

exports[`address should render 'address' 1`] = `"_Test content_"`;

exports[`area should render 'area' 1`] = `"[Google](http://www.google.com)"`;

exports[`article Content should all be nested 1`] = `
"
  
  Click here to go to [Google](http://www.google.com)
    
    Google will let you search the web."
`;

exports[`article Nested articles should indent even further 1`] = `
"
  Parent article
    Child article"
`;

exports[`article should render 'article' 1`] = `
"
  Test content"
`;

exports[`audio should render 'audio' with content 1`] = `""`;

exports[`audio should render 'audio' with source child 1`] = `"[audio: wibble.mp3](wibble.mp3) "`;

exports[`audio should render 'audio' with src attribute 1`] = `"[audio: wibble.mp3](wibble.mp3) "`;

exports[`audio should render 'audio' with src tag and source children 1`] = `"[audio: wubble.mp3](wubble.mp3) [audio: wibble.mp3](wibble.mp3) [audio: wobble.mp3](wobble.mp3) "`;

exports[`audio should render 'audio' without content 1`] = `""`;

exports[`b should render 'b' with content 1`] = `"**Bold me fam**"`;

exports[`b should render 'b' with nested content 1`] = `"**[Google](http://www.google.com)**"`;

exports[`b should render 'b' without content 1`] = `""`;

exports[`br should render 'br' 1`] = `
"
"
`;

exports[`br should render 'br' with content should be ignored 1`] = `
"
"
`;

exports[`del should render 'del' with content 1`] = `"~~Del me fam~~"`;

exports[`del should render 'del' with nested content 1`] = `"~~[Google](http://www.google.com)~~"`;

exports[`del should render 'del' without content 1`] = `""`;

exports[`div Content should all be nested 1`] = `
"
  
  Click here to go to [Google](http://www.google.com)
    
    Google will let you search the web."
`;

exports[`div Nested divs should indent even further 1`] = `
"
  Parent div
    Child div"
`;

exports[`div should render 'div' 1`] = `
"
  Test content"
`;

exports[`em should render 'em' with content 1`] = `"_Bold me fam_"`;

exports[`em should render 'em' with nested content 1`] = `"_[Google](http://www.google.com)_"`;

exports[`em should render 'em' without content 1`] = `""`;

exports[`h1 should render 'h1' with content 1`] = `
"# Bold me fam

"
`;

exports[`h1 should render 'h1' with nested content 1`] = `
"# [Google](http://www.google.com)

"
`;

exports[`h1 should render 'h1' without content 1`] = `""`;

exports[`h2 should render 'h2' with content 1`] = `
"## Bold me fam

"
`;

exports[`h2 should render 'h2' with nested content 1`] = `
"## [Google](http://www.google.com)

"
`;

exports[`h2 should render 'h2' without content 1`] = `""`;

exports[`h3 should render 'h3' with content 1`] = `
"### Bold me fam

"
`;

exports[`h3 should render 'h3' with nested content 1`] = `
"### [Google](http://www.google.com)

"
`;

exports[`h3 should render 'h3' without content 1`] = `""`;

exports[`h4 should render 'h4' with content 1`] = `
"#### Bold me fam

"
`;

exports[`h4 should render 'h4' with nested content 1`] = `
"#### [Google](http://www.google.com)

"
`;

exports[`h4 should render 'h4' without content 1`] = `""`;

exports[`h5 should render 'h5' with content 1`] = `
"##### Bold me fam

"
`;

exports[`h5 should render 'h5' with nested content 1`] = `
"##### [Google](http://www.google.com)

"
`;

exports[`h5 should render 'h5' without content 1`] = `""`;

exports[`h6 should render 'h6' with content 1`] = `
"###### Bold me fam

"
`;

exports[`h6 should render 'h6' with nested content 1`] = `
"###### [Google](http://www.google.com)

"
`;

exports[`h6 should render 'h6' without content 1`] = `""`;

exports[`i should render 'i' with content 1`] = `"_Bold me fam_"`;

exports[`i should render 'i' with nested content 1`] = `"_[Google](http://www.google.com)_"`;

exports[`i should render 'i' without content 1`] = `""`;

exports[`img should render 'img' 1`] = `"![Google](http://www.cdn.com/img?=google-logo \\"Google Logo\\" )"`;

exports[`input should render 'input' 1`] = `
"TO BE IMPLEMENTED: input

"
`;

exports[`li should render 'li' with '*' with {list.type: 'ul', list.index: 0} 1`] = `
"* Content
"
`;

exports[`li should render 'li' with '*' with {list.type: 'ul', list.index: 1} 1`] = `
"* Content
"
`;

exports[`li should render 'li' with '*' with {list.type: 'ul', list.index: 2} 1`] = `
"* Content
"
`;

exports[`li should render 'li' with '0.' with {list.type: 'ol', list.index: 0} 1`] = `
"1. Content
"
`;

exports[`li should render 'li' with '1.' with {list.type: 'ol', list.index: 1} 1`] = `
"2. Content
"
`;

exports[`li should render 'li' with '2.' with {list.type: 'ol', list.index: 2} 1`] = `
"3. Content
"
`;

exports[`p should render 'p' 1`] = `
"
This is a paragraph"
`;

exports[`strike should render 'strike' with content 1`] = `"~~Strike me fam~~"`;

exports[`strike should render 'strike' with nested content 1`] = `"~~[Google](http://www.google.com)~~"`;

exports[`strike should render 'strike' without content 1`] = `""`;

exports[`strong should render 'strong' with content 1`] = `"**Strong me fam**"`;

exports[`strong should render 'strong' with nested content 1`] = `"**[Google](http://www.google.com)**"`;

exports[`strong should render 'strong' without content 1`] = `""`;

exports[`title should render 'title' with content 1`] = `
"# Bold me fam

"
`;

exports[`title should render 'title' with nested content 1`] = `
"# [Google](http://www.google.com)

"
`;

exports[`title should render 'title' without content 1`] = `""`;
